// Jest Snapshot v1, https://goo.gl/fbAQLP

exports[`Should render LoginPage 1`] = `
<div
  className="box-layout"
>
  <div
    className="box-layout__box"
  >
    <h1
      className="box_layout__title"
    >
      Budget app
    </h1>
    <p>
      Get your expenses under control
    </p>
    <button
      className="button"
    >
       Login with Google 
    </button>
  </div>
</div>
`;
